2026-03-31 17:19:40 | INFO     | main                 | Logging initialised — file: /Users/ab/Documents/Archieve/zalos_take_home/fyra/logs/run_20260331_171940.log
2026-03-31 17:19:40 | INFO     | main                 | ============================================================
2026-03-31 17:19:40 | INFO     | main                 | SOP Automation Agent — run 20260331_171940
2026-03-31 17:19:40 | INFO     | main                 | ============================================================
2026-03-31 17:19:40 | INFO     | main                 | Output file copied to: /Users/ab/Documents/Archieve/zalos_take_home/fyra/output/VAT-Avalara Sales Tax December 2025 ZalosCopy_20260331_171940.xlsx
2026-03-31 17:19:40 | INFO     | main                 | Original output file will NOT be modified: /Users/ab/Documents/Archieve/zalos_take_home/raw_data/zalos_test_data/VAT-Avalara Sales Tax December 2025 ZalosCopy.xlsx
2026-03-31 17:19:40 | INFO     | main                 | SOP file     : /Users/ab/Documents/Archieve/zalos_take_home/raw_data/zalos_test_data/Avalara VAT Report SOP.docx
2026-03-31 17:19:40 | INFO     | main                 | Working copy : /Users/ab/Documents/Archieve/zalos_take_home/fyra/output/VAT-Avalara Sales Tax December 2025 ZalosCopy_20260331_171940.xlsx
2026-03-31 17:19:40 | INFO     | main                 | Input files  :
2026-03-31 17:19:40 | INFO     | main                 |   /Users/ab/Documents/Archieve/zalos_take_home/raw_data/zalos_test_data/SalesTaxDocumentLineExport-Dec 2025.xlsx
2026-03-31 17:19:41 | INFO     | agent                | Configuring DSPy LM
2026-03-31 17:19:41 | DEBUG    | tools                | list_sheets: /Users/ab/Documents/Archieve/zalos_take_home/raw_data/zalos_test_data/SalesTaxDocumentLineExport-Dec 2025.xlsx
2026-03-31 17:19:43 | DEBUG    | tools                | read_excel: /Users/ab/Documents/Archieve/zalos_take_home/raw_data/zalos_test_data/SalesTaxDocumentLineExport-Dec 2025.xlsx | sheet=SalesTaxDocumentLineExport-ALL
2026-03-31 17:20:05 | DEBUG    | tools                | read_excel: 169878 records total, returning 5
2026-03-31 17:20:05 | INFO     | agent                | Inferred role for SalesTaxDocumentLineExport-Dec 2025.xlsx: This file is a detailed export of sales tax transaction line items for December 2025, containing 169,878 individual invoice lines with tax calculation details, jurisdictional information, and exemption statuses used for sales tax compliance reporting and reconciliation.
2026-03-31 17:20:09 | INFO     | human_loop           | File context: SalesTaxDocumentLineExport-Dec 2025.xlsx → This file is a detailed export of sales tax transaction line items for December 2025, containing 169,878 individual invoice lines with tax calculation details, jurisdictional information, and exemption statuses used for sales tax compliance reporting and reconciliation.
2026-03-31 17:20:09 | INFO     | agent                | Parsing SOP: /Users/ab/Documents/Archieve/zalos_take_home/raw_data/zalos_test_data/Avalara VAT Report SOP.docx
2026-03-31 17:20:09 | DEBUG    | sop_parser           | SOPParser: parsing SOP (5253 chars)
2026-03-31 17:20:09 | INFO     | sop_parser           | SOPParser: 7 steps extracted
2026-03-31 17:20:09 | DEBUG    | sop_parser           |   Step 1: Currency Validation Check - Add calculated columns to SalesTaxDocumentLineExport file. Create a 'Format Date' column concatenating DOCUMENTDATE and CURRENCYCODE (formula: CONCATENATE(TEXT(J2,'m-dd-yyyy'),'-',P2)). Add 'FX Rate' column with VLOOKUP to NS Daily FX Rates. Add 'USD Sales Amount' column (FX Rate * Line Amount). Add 'USD Tax Amount' column (FX Rate * Tax Amount). Add 'EU Countries' column with VLOOKUP to EU Countries reference table. Flag all transactions where COUNTRY = 'US' and flag any rows where FX rate lookup fails.
2026-03-31 17:20:09 | DEBUG    | sop_parser           |   Step 2: Generate Pivot Table by Country and Currency - Create a pivot table from the enriched SalesTaxDocumentLineExport data with Country and Currency Code as rows, aggregating USD Sales Amount and USD Tax Amount in values. Name this new sheet 'PIVOT (CURR)'. In column F, paste the previous month's corresponding pivot for side-by-side comparison.
2026-03-31 17:20:09 | DEBUG    | sop_parser           |   Step 3: Generate Pivot Table by Country with Document Status Filter - Create a pivot table from the enriched SalesTaxDocumentLineExport data with Document Status as a filter, Country as rows, aggregating USD Sales Amount and USD Tax Amount. Name this new sheet 'PIVOT (Summary)'. In column H, paste the previous month's corresponding pivot. Generate an additional filtered pivot for EU countries only (excluding blank entries).
2026-03-31 17:20:09 | DEBUG    | sop_parser           |   Step 4: Create Clean VAT Detail Dataset and GL Reconciliation - Copy the SalesTaxDocumentLineExport sheet to a new tab named 'AVALARA SALES TAX DETAIL-ALL'. Exclude all rows where EXEMPTREASON = 'Customer is exempt. Does not have nexus in state.' Filter to include only DocumentStatus = 'Committed'. Generate a pivot table with Country as rows and aggregated USD Sales Amount and USD Tax Amount as values.
2026-03-31 17:20:09 | DEBUG    | sop_parser           |   Step 5: Generate GL Code Mapping Summary - In the 'AVALARA SALES TAX DETAIL-ALL' sheet (or new section in column E), create a summary pivot aggregating USD Tax Amount by GL code using the predefined country-to-GL mapping (AU→20731, CA→20732, CH/LI→20734, GB/IM→20736, EU Countries→20735, PH→20737). Calculate total VAT liability by GL code and verify tie-out to Avalara export total.
2026-03-31 17:20:09 | DEBUG    | sop_parser           |   Step 6: Generate Month-over-Month Comparison and Variance Analysis - Compare current month pivot totals (USD Tax Amount by Country) with prior month figures from the reference report. Calculate variance in USD and variance percentage by Country. Identify countries with significant variances that warrant investigation.
2026-03-31 17:20:09 | DEBUG    | sop_parser           |   Step 7: Generate Exception and Audit Report - Compile comprehensive exception report documenting: all flagged US transactions, missing or failed FX rate lookups, exempt transactions removed with counts, countries not mapped to GL codes, variance between pivot total USD Tax Amount and raw dataset total USD Tax Amount, and complete audit trail of source totals, exclusions, and conversions.
2026-03-31 17:20:09 | INFO     | agent                | SOP parsed into 7 steps
2026-03-31 17:20:09 | INFO     | agent                | ==================================================
2026-03-31 17:20:09 | INFO     | agent                | Starting step 1: Currency Validation Check - Add calculated columns to SalesTaxDocumentLineExport file. Create a 'Format Date' column concatenating DOCUMENTDATE and CURRENCYCODE (formula: CONCATENATE(TEXT(J2,'m-dd-yyyy'),'-',P2)). Add 'FX Rate' column with VLOOKUP to NS Daily FX Rates. Add 'USD Sales Amount' column (FX Rate * Line Amount). Add 'USD Tax Amount' column (FX Rate * Tax Amount). Add 'EU Countries' column with VLOOKUP to EU Countries reference table. Flag all transactions where COUNTRY = 'US' and flag any rows where FX rate lookup fails.
2026-03-31 17:20:11 | DEBUG    | tools                | read_excel: /Users/ab/Documents/Archieve/zalos_take_home/raw_data/zalos_test_data/SalesTaxDocumentLineExport-Dec 2025.xlsx | sheet=Sheet1
2026-03-31 17:20:15 | DEBUG    | tools                | list_sheets: /Users/ab/Documents/Archieve/zalos_take_home/raw_data/zalos_test_data/SalesTaxDocumentLineExport-Dec 2025.xlsx
2026-03-31 17:20:19 | DEBUG    | tools                | read_excel: /Users/ab/Documents/Archieve/zalos_take_home/raw_data/zalos_test_data/SalesTaxDocumentLineExport-Dec 2025.xlsx | sheet=SalesTaxDocumentLineExport-ALL
2026-03-31 17:20:41 | DEBUG    | tools                | read_excel: 169878 records total, returning 25
2026-03-31 17:20:47 | DEBUG    | tools                | list_sheets: /Users/ab/Documents/Archieve/zalos_take_home/fyra/output/VAT-Avalara Sales Tax December 2025 ZalosCopy_20260331_171940.xlsx
2026-03-31 17:20:50 | DEBUG    | tools                | read_excel: /Users/ab/Documents/Archieve/zalos_take_home/fyra/output/VAT-Avalara Sales Tax December 2025 ZalosCopy_20260331_171940.xlsx | sheet=NS Daily FX Rates
2026-03-31 17:20:50 | DEBUG    | tools                | read_excel: 10185 records total, returning 25
2026-03-31 17:21:13 | DEBUG    | tools                | Loaded lookup 'NS Daily FX Rates': 9856 entries
2026-03-31 17:21:45 | DEBUG    | tools                | Loaded lookup 'NS Daily FX Rates': 9856 entries
2026-03-31 17:22:02 | DEBUG    | human_loop           | ask_human | Q: Proceed? (yes/no) | A: yes
2026-03-31 17:22:02 | INFO     | human_loop           | Step 1 write approved.
2026-03-31 17:22:02 | INFO     | tools                | add_computed_columns: reading 169878 rows from /Users/ab/Documents/Archieve/zalos_take_home/raw_data/zalos_test_data/SalesTaxDocumentLineExport-Dec 2025.xlsx[SalesTaxDocumentLineExport-ALL]
2026-03-31 17:22:58 | INFO     | tools                | create_sheet: 'SalesTaxDocumentLineExport-ALL' in /Users/ab/Documents/Archieve/zalos_take_home/fyra/output/VAT-Avalara Sales Tax December 2025 ZalosCopy_20260331_171940.xlsx
2026-03-31 17:23:01 | DEBUG    | tools                | read_excel: /Users/ab/Documents/Archieve/zalos_take_home/fyra/output/VAT-Avalara Sales Tax December 2025 ZalosCopy_20260331_171940.xlsx | sheet=EU Countries
2026-03-31 17:23:02 | DEBUG    | tools                | read_excel: 28 records total, returning 25
2026-03-31 17:23:13 | DEBUG    | tools                | Loaded lookup 'NS Daily FX Rates': 9856 entries
2026-03-31 17:23:24 | DEBUG    | tools                | Loaded lookup 'NS Daily FX Rates': 9856 entries
2026-03-31 17:23:43 | DEBUG    | human_loop           | ask_human | Q: Proceed? (yes/no) | A: yes
2026-03-31 17:23:43 | INFO     | human_loop           | Step 1 write approved.
2026-03-31 17:23:43 | INFO     | tools                | add_computed_columns: reading 169878 rows from /Users/ab/Documents/Archieve/zalos_take_home/raw_data/zalos_test_data/SalesTaxDocumentLineExport-Dec 2025.xlsx[SalesTaxDocumentLineExport-ALL]
2026-03-31 17:24:44 | INFO     | tools                | add_computed_columns: wrote 169878 rows, 6 new cols to /Users/ab/Documents/Archieve/zalos_take_home/fyra/output/VAT-Avalara Sales Tax December 2025 ZalosCopy_20260331_171940.xlsx[SalesTaxDocumentLineExport-ALL]
2026-03-31 17:25:28 | DEBUG    | human_loop           | ask_human | Q: Does the output look correct? (yes/no) | A: yes
2026-03-31 17:25:28 | INFO     | human_loop           | Step 1 accepted by human.
2026-03-31 17:25:28 | INFO     | agent                | Step 1 complete.
2026-03-31 17:25:28 | INFO     | agent                | ==================================================
2026-03-31 17:25:28 | INFO     | agent                | Starting step 2: Generate Pivot Table by Country and Currency - Create a pivot table from the enriched SalesTaxDocumentLineExport data with Country and Currency Code as rows, aggregating USD Sales Amount and USD Tax Amount in values. Name this new sheet 'PIVOT (CURR)'. In column F, paste the previous month's corresponding pivot for side-by-side comparison.
2026-03-31 17:25:30 | DEBUG    | tools                | list_sheets: /Users/ab/Documents/Archieve/zalos_take_home/fyra/output/VAT-Avalara Sales Tax December 2025 ZalosCopy_20260331_171940.xlsx
2026-03-31 17:25:32 | DEBUG    | tools                | read_excel: /Users/ab/Documents/Archieve/zalos_take_home/fyra/output/VAT-Avalara Sales Tax December 2025 ZalosCopy_20260331_171940.xlsx | sheet=SalesTaxDocumentLineExport-ALL
2026-03-31 17:26:05 | DEBUG    | tools                | read_excel: 169878 records total, returning 25
2026-03-31 17:27:20 | INFO     | tools                | create_sheet: 'PIVOT (CURR)' in /Users/ab/Documents/Archieve/zalos_take_home/fyra/output/VAT-Avalara Sales Tax December 2025 ZalosCopy_20260331_171940.xlsx
2026-03-31 17:27:41 | DEBUG    | human_loop           | ask_human | Q: Proceed? (yes/no) | A: yes
2026-03-31 17:27:41 | INFO     | human_loop           | Step 2 write approved.
2026-03-31 17:27:41 | INFO     | tools                | add_computed_columns: reading 169878 rows from /Users/ab/Documents/Archieve/zalos_take_home/fyra/output/VAT-Avalara Sales Tax December 2025 ZalosCopy_20260331_171940.xlsx[SalesTaxDocumentLineExport-ALL]
2026-03-31 17:30:07 | INFO     | tools                | add_computed_columns: wrote 169878 rows, 4 new cols to /Users/ab/Documents/Archieve/zalos_take_home/fyra/output/VAT-Avalara Sales Tax December 2025 ZalosCopy_20260331_171940.xlsx[PIVOT (CURR)]
2026-03-31 17:32:39 | INFO     | tools                | create_sheet: 'PIVOT_SUMMARY' in /Users/ab/Documents/Archieve/zalos_take_home/fyra/output/VAT-Avalara Sales Tax December 2025 ZalosCopy_20260331_171940.xlsx
2026-03-31 17:32:46 | DEBUG    | tools                | read_excel: /Users/ab/Documents/Archieve/zalos_take_home/fyra/output/VAT-Avalara Sales Tax December 2025 ZalosCopy_20260331_171940.xlsx | sheet=PIVOT (CURR)
2026-03-31 17:33:33 | DEBUG    | tools                | read_excel: 169878 records total, returning 25
2026-03-31 17:33:47 | DEBUG    | tools                | list_sheets: /Users/ab/Documents/Archieve/zalos_take_home/fyra/output/VAT-Avalara Sales Tax December 2025 ZalosCopy_20260331_171940.xlsx
2026-03-31 17:35:15 | DEBUG    | human_loop           | ask_human | Q: Does the output look correct? (yes/no) | A: can you create true A true pivot table aggregating by Country and Currency Code
2026-03-31 17:35:17 | DEBUG    | human_loop           | ask_human | Q: What was wrong? | A: A true pivot table aggregating by Country and Currency Code
2026-03-31 17:35:17 | INFO     | human_loop           | Step 2 rejected. Feedback: A true pivot table aggregating by Country and Currency Code
2026-03-31 17:35:17 | INFO     | agent                | Retrying step 2. Feedback: A true pivot table aggregating by Country and Currency Code
2026-03-31 17:35:20 | DEBUG    | tools                | list_sheets: /Users/ab/Documents/Archieve/zalos_take_home/fyra/output/VAT-Avalara Sales Tax December 2025 ZalosCopy_20260331_171940.xlsx
2026-03-31 17:35:22 | DEBUG    | tools                | read_excel: /Users/ab/Documents/Archieve/zalos_take_home/fyra/output/VAT-Avalara Sales Tax December 2025 ZalosCopy_20260331_171940.xlsx | sheet=PIVOT (CURR)
2026-03-31 17:36:04 | DEBUG    | tools                | read_excel: 169878 records total, returning 25
2026-03-31 17:39:45 | DEBUG    | asyncio              | Using selector: KqueueSelector
