2026-03-31 17:39:52 | INFO     | main                 | Logging initialised — file: /Users/ab/Documents/Archieve/zalos_take_home/fyra/logs/run_20260331_173952.log
2026-03-31 17:39:52 | INFO     | main                 | ============================================================
2026-03-31 17:39:52 | INFO     | main                 | SOP Automation Agent — run 20260331_173952
2026-03-31 17:39:52 | INFO     | main                 | ============================================================
2026-03-31 17:39:52 | INFO     | main                 | Output file copied to: /Users/ab/Documents/Archieve/zalos_take_home/fyra/output/VAT-Avalara Sales Tax December 2025 ZalosCopy_20260331_173952.xlsx
2026-03-31 17:39:52 | INFO     | main                 | Original output file will NOT be modified: /Users/ab/Documents/Archieve/zalos_take_home/raw_data/zalos_test_data/VAT-Avalara Sales Tax December 2025 ZalosCopy.xlsx
2026-03-31 17:39:52 | INFO     | main                 | SOP file     : /Users/ab/Documents/Archieve/zalos_take_home/raw_data/zalos_test_data/Avalara VAT Report SOP.docx
2026-03-31 17:39:52 | INFO     | main                 | Working copy : /Users/ab/Documents/Archieve/zalos_take_home/fyra/output/VAT-Avalara Sales Tax December 2025 ZalosCopy_20260331_173952.xlsx
2026-03-31 17:39:52 | INFO     | main                 | Input files  :
2026-03-31 17:39:52 | INFO     | main                 |   /Users/ab/Documents/Archieve/zalos_take_home/raw_data/zalos_test_data/SalesTaxDocumentLineExport-Dec 2025.xlsx
2026-03-31 17:39:53 | INFO     | agent                | Configuring DSPy LM
2026-03-31 17:39:53 | DEBUG    | tools                | list_sheets: /Users/ab/Documents/Archieve/zalos_take_home/raw_data/zalos_test_data/SalesTaxDocumentLineExport-Dec 2025.xlsx
2026-03-31 17:39:55 | DEBUG    | tools                | read_excel: /Users/ab/Documents/Archieve/zalos_take_home/raw_data/zalos_test_data/SalesTaxDocumentLineExport-Dec 2025.xlsx | sheet=SalesTaxDocumentLineExport-ALL
2026-03-31 17:40:17 | DEBUG    | tools                | read_excel: 169878 records total, returning 5
2026-03-31 17:40:17 | INFO     | agent                | Inferred role for SalesTaxDocumentLineExport-Dec 2025.xlsx: This file is a detailed export of sales tax transaction line items for December 2025, containing 169,878 individual invoice lines with tax calculation details, jurisdictional information, and exemption statuses used for sales tax compliance reporting and reconciliation.
2026-03-31 17:41:33 | INFO     | human_loop           | File context: SalesTaxDocumentLineExport-Dec 2025.xlsx → yes
2026-03-31 17:41:33 | INFO     | agent                | Parsing SOP: /Users/ab/Documents/Archieve/zalos_take_home/raw_data/zalos_test_data/Avalara VAT Report SOP.docx
2026-03-31 17:41:33 | DEBUG    | sop_parser           | SOPParser: parsing SOP (5253 chars)
2026-03-31 17:41:49 | INFO     | sop_parser           | SOPParser: 8 steps extracted
2026-03-31 17:41:49 | DEBUG    | sop_parser           |   Step 1: Currency Validation Check - Add enrichment columns to SalesTaxDocumentLineExport. Create formula column concatenating DOCUMENTDATE and CURRENCYCODE in format 'm-dd-yyyy-CURRENCYCODE'. Add FX Rate column using VLOOKUP against Daily FX Rates file. Calculate USD Sales Amount (FX Rate × Line Amount) and USD Tax Amount (FX Rate × Tax Amount). Add EU Countries lookup using IFERROR VLOOKUP. Flag any transactions with Country = 'US' and any rows with missing FX rates.
2026-03-31 17:41:49 | DEBUG    | sop_parser           |   Step 2: Generate Pivot Table 1 (Country & Currency Summary). Create pivot table from enriched SalesTaxDocumentLineExport with Country and Currency Code as row fields, USD Sales Amount and USD Tax Amount as value fields (aggregated). Paste previous month's equivalent pivot alongside for comparison. Name the sheet 'PIVOT (CURR)'.
2026-03-31 17:41:49 | DEBUG    | sop_parser           |   Step 3: Generate Pivot Table 2 (Document Status Summary). Create pivot table from enriched SalesTaxDocumentLineExport with Document Status as filter, Country as rows, USD Sales Amount and USD Tax Amount as values (aggregated). Exclude blank entries in EU country filter. Paste previous month's equivalent pivot alongside. Name the sheet 'PIVOT (Summary)'.
2026-03-31 17:41:49 | DEBUG    | sop_parser           |   Step 4: Create Clean VAT Detail Dataset. Copy SalesTaxDocumentLineExport-ALL tab to new sheet. Filter and exclude rows where EXEMPTREASON = 'Customer is exempt. Does not have nexus in state.' Retain only transactions with DocumentStatus = 'Committed'. Name the new sheet 'AVALARA SALES TAX DETAIL-ALL'.
2026-03-31 17:41:49 | DEBUG    | sop_parser           |   Step 5: Generate GL Account Reconciliation Pivot. Create pivot table from 'AVALARA SALES TAX DETAIL-ALL' sheet with Country as rows and USD Tax Amount aggregated. Map each country to corresponding GL account per the provided mapping (AU→20731, CA→20732, CH/LI→20734, GB/IM→20736, EU Countries→20735, PH→20737). Summarize USD Tax Amount by GL code. Add summary section in Column E showing VAT Liability by GL code and total VAT (USD).
2026-03-31 17:41:49 | DEBUG    | sop_parser           |   Step 6: Generate Month-over-Month Variance Analysis. Compare current month Country-level VAT totals (from PIVOT (Summary)) with prior month equivalent pivot. Calculate variance in USD and percentage variance by country. Flag any countries with significant variance outliers. Create summary table showing Current VAT, Prior Month VAT, Variance (USD), and Variance (%).
2026-03-31 17:41:49 | DEBUG    | sop_parser           |   Step 7: Generate Exception Report. Compile all flagged exceptions including: (1) Transactions with Country = US, (2) Missing FX rates, (3) FX lookup failures, (4) Exempt transactions removed (count and amounts), (5) Countries not mapped to GL accounts, (6) Variance between Pivot total USD Tax Amount and raw dataset total USD Tax Amount. Document count of each exception type and source details.
2026-03-31 17:41:49 | DEBUG    | sop_parser           |   Step 8: Validate Reconciliation Tie-Out. Confirm that (1) sum of all GL account VAT amounts equals total VAT from raw dataset, (2) PIVOT (Summary) totals match GL Reconciliation totals, (3) month-over-month variances are documented and explained. Generate audit trail report showing source totals, conversion factors applied, exclusions made, and final output totals.
2026-03-31 17:41:49 | INFO     | agent                | SOP parsed into 8 steps
2026-03-31 17:41:49 | INFO     | agent                | ==================================================
2026-03-31 17:41:49 | INFO     | agent                | Starting step 1: Currency Validation Check - Add enrichment columns to SalesTaxDocumentLineExport. Create formula column concatenating DOCUMENTDATE and CURRENCYCODE in format 'm-dd-yyyy-CURRENCYCODE'. Add FX Rate column using VLOOKUP against Daily FX Rates file. Calculate USD Sales Amount (FX Rate × Line Amount) and USD Tax Amount (FX Rate × Tax Amount). Add EU Countries lookup using IFERROR VLOOKUP. Flag any transactions with Country = 'US' and any rows with missing FX rates.
2026-03-31 17:41:51 | DEBUG    | tools                | read_excel: /Users/ab/Documents/Archieve/zalos_take_home/raw_data/zalos_test_data/SalesTaxDocumentLineExport-Dec 2025.xlsx | sheet=Sheet1
2026-03-31 17:41:54 | DEBUG    | tools                | list_sheets: /Users/ab/Documents/Archieve/zalos_take_home/raw_data/zalos_test_data/SalesTaxDocumentLineExport-Dec 2025.xlsx
2026-03-31 17:41:57 | DEBUG    | tools                | read_excel: /Users/ab/Documents/Archieve/zalos_take_home/raw_data/zalos_test_data/SalesTaxDocumentLineExport-Dec 2025.xlsx | sheet=SalesTaxDocumentLineExport-ALL
2026-03-31 17:42:19 | DEBUG    | tools                | read_excel: 169878 records total, returning 25
2026-03-31 17:42:24 | DEBUG    | tools                | list_sheets: /Users/ab/Documents/Archieve/zalos_take_home/fyra/output/VAT-Avalara Sales Tax December 2025 ZalosCopy_20260331_173952.xlsx
2026-03-31 17:42:26 | DEBUG    | tools                | read_excel: /Users/ab/Documents/Archieve/zalos_take_home/fyra/output/VAT-Avalara Sales Tax December 2025 ZalosCopy_20260331_173952.xlsx | sheet=NS Daily FX Rates
2026-03-31 17:42:26 | DEBUG    | tools                | read_excel: 10185 records total, returning 25
2026-03-31 17:42:41 | DEBUG    | tools                | read_excel: /Users/ab/Documents/Archieve/zalos_take_home/fyra/output/VAT-Avalara Sales Tax December 2025 ZalosCopy_20260331_173952.xlsx | sheet=EU Countries
2026-03-31 17:42:42 | DEBUG    | tools                | read_excel: 28 records total, returning 25
2026-03-31 17:42:58 | DEBUG    | tools                | Loaded lookup 'NS Daily FX Rates': 9856 entries
2026-03-31 17:43:45 | DEBUG    | tools                | read_excel: /Users/ab/Documents/Archieve/zalos_take_home/fyra/output/VAT-Avalara Sales Tax December 2025 ZalosCopy_20260331_173952.xlsx | sheet=EU Countries
2026-03-31 17:43:46 | DEBUG    | tools                | read_excel: 28 records total, returning 25
2026-03-31 17:44:02 | DEBUG    | tools                | Loaded lookup 'NS Daily FX Rates': 9856 entries
2026-03-31 17:44:05 | DEBUG    | human_loop           | ask_human | Q: Proceed? (yes/no) | A: yes
2026-03-31 17:44:05 | INFO     | human_loop           | Step 1 write approved.
2026-03-31 17:44:05 | INFO     | tools                | add_computed_columns: reading 169878 rows from /Users/ab/Documents/Archieve/zalos_take_home/raw_data/zalos_test_data/SalesTaxDocumentLineExport-Dec 2025.xlsx[SalesTaxDocumentLineExport-ALL]
2026-03-31 17:44:33 | INFO     | tools                | create_sheet: 'SalesTaxDocumentLineExport-ALL' in /Users/ab/Documents/Archieve/zalos_take_home/fyra/output/VAT-Avalara Sales Tax December 2025 ZalosCopy_20260331_173952.xlsx
2026-03-31 17:44:42 | DEBUG    | tools                | Loaded lookup 'NS Daily FX Rates': 9856 entries
2026-03-31 17:44:47 | DEBUG    | human_loop           | ask_human | Q: Proceed? (yes/no) | A: yes
2026-03-31 17:44:47 | INFO     | human_loop           | Step 1 write approved.
2026-03-31 17:44:47 | INFO     | tools                | add_computed_columns: reading 169878 rows from /Users/ab/Documents/Archieve/zalos_take_home/raw_data/zalos_test_data/SalesTaxDocumentLineExport-Dec 2025.xlsx[SalesTaxDocumentLineExport-ALL]
2026-03-31 17:45:50 | INFO     | tools                | add_computed_columns: wrote 169878 rows, 6 new cols to /Users/ab/Documents/Archieve/zalos_take_home/fyra/output/VAT-Avalara Sales Tax December 2025 ZalosCopy_20260331_173952.xlsx[SalesTaxDocumentLineExport-ALL]
2026-03-31 17:46:32 | DEBUG    | human_loop           | ask_human | Q: Does the output look correct? (yes/no) | A: yes
2026-03-31 17:46:32 | INFO     | human_loop           | Step 1 accepted by human.
2026-03-31 17:46:32 | INFO     | agent                | Step 1 complete.
2026-03-31 17:46:32 | INFO     | agent                | ==================================================
2026-03-31 17:46:32 | INFO     | agent                | Starting step 2: Generate Pivot Table 1 (Country & Currency Summary). Create pivot table from enriched SalesTaxDocumentLineExport with Country and Currency Code as row fields, USD Sales Amount and USD Tax Amount as value fields (aggregated). Paste previous month's equivalent pivot alongside for comparison. Name the sheet 'PIVOT (CURR)'.
2026-03-31 17:46:35 | DEBUG    | tools                | read_excel: /Users/ab/Documents/Archieve/zalos_take_home/raw_data/zalos_test_data/SalesTaxDocumentLineExport-Dec 2025.xlsx | sheet=SalesTaxDocumentLineExport
2026-03-31 17:46:38 | DEBUG    | tools                | list_sheets: /Users/ab/Documents/Archieve/zalos_take_home/raw_data/zalos_test_data/SalesTaxDocumentLineExport-Dec 2025.xlsx
2026-03-31 17:46:41 | DEBUG    | tools                | read_excel: /Users/ab/Documents/Archieve/zalos_take_home/raw_data/zalos_test_data/SalesTaxDocumentLineExport-Dec 2025.xlsx | sheet=SalesTaxDocumentLineExport-ALL
2026-03-31 17:47:01 | DEBUG    | tools                | read_excel: 169878 records total, returning 25
2026-03-31 17:47:05 | DEBUG    | tools                | list_sheets: /Users/ab/Documents/Archieve/zalos_take_home/fyra/output/VAT-Avalara Sales Tax December 2025 ZalosCopy_20260331_173952.xlsx
2026-03-31 17:47:14 | DEBUG    | tools                | read_excel: /Users/ab/Documents/Archieve/zalos_take_home/fyra/output/VAT-Avalara Sales Tax December 2025 ZalosCopy_20260331_173952.xlsx | sheet=SalesTaxDocumentLineExport-ALL
2026-03-31 17:47:54 | DEBUG    | tools                | read_excel: 169878 records total, returning 25
2026-03-31 17:49:08 | INFO     | tools                | create_sheet: 'PIVOT (CURR)' in /Users/ab/Documents/Archieve/zalos_take_home/fyra/output/VAT-Avalara Sales Tax December 2025 ZalosCopy_20260331_173952.xlsx
2026-03-31 17:50:01 | DEBUG    | human_loop           | ask_human | Q: Proceed? (yes/no) | A: yes
2026-03-31 17:50:01 | INFO     | human_loop           | Step 2 write approved.
2026-03-31 17:51:14 | INFO     | tools                | aggregate_sheet: 1064 groups written to /Users/ab/Documents/Archieve/zalos_take_home/fyra/output/VAT-Avalara Sales Tax December 2025 ZalosCopy_20260331_173952.xlsx[PIVOT (CURR)]
2026-03-31 17:51:37 | DEBUG    | human_loop           | ask_human | Q: Does the output look correct? (yes/no) | A: yes
2026-03-31 17:51:37 | INFO     | human_loop           | Step 2 accepted by human.
2026-03-31 17:51:37 | INFO     | agent                | Step 2 complete.
2026-03-31 17:51:37 | INFO     | agent                | ==================================================
2026-03-31 17:51:37 | INFO     | agent                | Starting step 3: Generate Pivot Table 2 (Document Status Summary). Create pivot table from enriched SalesTaxDocumentLineExport with Document Status as filter, Country as rows, USD Sales Amount and USD Tax Amount as values (aggregated). Exclude blank entries in EU country filter. Paste previous month's equivalent pivot alongside. Name the sheet 'PIVOT (Summary)'.
2026-03-31 17:51:39 | DEBUG    | tools                | list_sheets: /Users/ab/Documents/Archieve/zalos_take_home/raw_data/zalos_test_data/SalesTaxDocumentLineExport-Dec 2025.xlsx
2026-03-31 17:51:43 | DEBUG    | tools                | read_excel: /Users/ab/Documents/Archieve/zalos_take_home/raw_data/zalos_test_data/SalesTaxDocumentLineExport-Dec 2025.xlsx | sheet=SalesTaxDocumentLineExport-ALL
2026-03-31 17:52:03 | DEBUG    | tools                | read_excel: 169878 records total, returning 25
2026-03-31 17:52:08 | DEBUG    | tools                | list_sheets: /Users/ab/Documents/Archieve/zalos_take_home/fyra/output/VAT-Avalara Sales Tax December 2025 ZalosCopy_20260331_173952.xlsx
2026-03-31 17:52:11 | DEBUG    | tools                | read_excel: /Users/ab/Documents/Archieve/zalos_take_home/fyra/output/VAT-Avalara Sales Tax December 2025 ZalosCopy_20260331_173952.xlsx | sheet=SalesTaxDocumentLineExport-ALL
2026-03-31 17:52:51 | DEBUG    | tools                | read_excel: 169878 records total, returning 25
2026-03-31 17:54:07 | INFO     | tools                | create_sheet: 'PIVOT (Summary)' in /Users/ab/Documents/Archieve/zalos_take_home/fyra/output/VAT-Avalara Sales Tax December 2025 ZalosCopy_20260331_173952.xlsx
2026-03-31 17:54:53 | DEBUG    | human_loop           | ask_human | Q: Proceed? (yes/no) | A: yes
2026-03-31 17:54:53 | INFO     | human_loop           | Step 3 write approved.
2026-03-31 17:56:04 | INFO     | tools                | aggregate_sheet: 203 groups written to /Users/ab/Documents/Archieve/zalos_take_home/fyra/output/VAT-Avalara Sales Tax December 2025 ZalosCopy_20260331_173952.xlsx[PIVOT (Summary)]
